H:/stm32ai-modelzoo-2.1.0/stm32ai_application_code/object_detection/Application/STM32H747I-DISCO/Src/CM7/app_network.c:50:6:Network_Preprocess	88	static
H:/stm32ai-modelzoo-2.1.0/stm32ai_application_code/object_detection/Application/STM32H747I-DISCO/Src/CM7/app_network.c:127:6:Network_Inference	8	static
H:/stm32ai-modelzoo-2.1.0/stm32ai_application_code/object_detection/Application/STM32H747I-DISCO/Src/CM7/app_network.c:143:6:Network_Postprocess	24	static
H:/stm32ai-modelzoo-2.1.0/stm32ai_application_code/object_detection/Application/STM32H747I-DISCO/Src/CM7/app_network.c:177:6:Network_Deinit	0	static
H:/stm32ai-modelzoo-2.1.0/stm32ai_application_code/object_detection/Application/STM32H747I-DISCO/Src/CM7/app_network.c:187:6:Network_Init	24	static
