H:/stm32ai-modelzoo-2.1.0/stm32ai_application_code/object_detection/Application/STM32H747I-DISCO/Src/CM7/app_camera.c:439:13:DCMI_MDMAError	0	static
H:/stm32ai-modelzoo-2.1.0/stm32ai_application_code/object_detection/Application/STM32H747I-DISCO/Src/CM7/app_camera.c:418:13:DCMI_DMAError	0	static
H:/stm32ai-modelzoo-2.1.0/stm32ai_application_code/object_detection/Application/STM32H747I-DISCO/Src/CM7/app_camera.c:364:13:DCMI_DMALineXferCplt	24	static
H:/stm32ai-modelzoo-2.1.0/stm32ai_application_code/object_detection/Application/STM32H747I-DISCO/Src/CM7/app_camera.c:384:13:DCMI_MDMAFrameXferCplt	0	static
H:/stm32ai-modelzoo-2.1.0/stm32ai_application_code/object_detection/Application/STM32H747I-DISCO/Src/CM7/app_camera.c:43:6:Camera_GetNextReadyFrame	0	static
H:/stm32ai-modelzoo-2.1.0/stm32ai_application_code/object_detection/Application/STM32H747I-DISCO/Src/CM7/app_camera.c:53:6:Camera_StartNewFrameAcquisition	0	static
H:/stm32ai-modelzoo-2.1.0/stm32ai_application_code/object_detection/Application/STM32H747I-DISCO/Src/CM7/app_camera.c:66:6:Camera_Init	32	static
H:/stm32ai-modelzoo-2.1.0/stm32ai_application_code/object_detection/Application/STM32H747I-DISCO/Src/CM7/app_camera.c:176:6:Camera_Set_MirrorFlip	8	static
H:/stm32ai-modelzoo-2.1.0/stm32ai_application_code/object_detection/Application/STM32H747I-DISCO/Src/CM7/app_camera.c:189:6:Camera_Enable_TestBar_Mode	16	static
H:/stm32ai-modelzoo-2.1.0/stm32ai_application_code/object_detection/Application/STM32H747I-DISCO/Src/CM7/app_camera.c:219:6:Camera_Disable_TestBar_Mode	16	static
H:/stm32ai-modelzoo-2.1.0/stm32ai_application_code/object_detection/Application/STM32H747I-DISCO/Src/CM7/app_camera.c:252:6:BSP_CAMERA_FrameEventCallback	8	static,ignoring_inline_asm
H:/stm32ai-modelzoo-2.1.0/stm32ai_application_code/object_detection/Application/STM32H747I-DISCO/Src/CM7/app_camera.c:270:6:BSP_CAMERA_VsyncEventCallback	0	static,ignoring_inline_asm
H:/stm32ai-modelzoo-2.1.0/stm32ai_application_code/object_detection/Application/STM32H747I-DISCO/Src/CM7/app_camera.c:282:6:BSP_CAMERA_ErrorCallback	0	static
H:/stm32ai-modelzoo-2.1.0/stm32ai_application_code/object_detection/Application/STM32H747I-DISCO/Src/CM7/app_camera.c:301:19:HAL_DCMIEx_Start_DMA_MDMA	24	static
