H:/stm32ai-modelzoo-2.1.0/stm32ai_application_code/object_detection/Application/STM32H747I-DISCO/Src/CM7/stm32h7xx_it.c:39:6:NMI_Handler	0	static
H:/stm32ai-modelzoo-2.1.0/stm32ai_application_code/object_detection/Application/STM32H747I-DISCO/Src/CM7/stm32h7xx_it.c:48:6:HardFault_Handler	0	static
H:/stm32ai-modelzoo-2.1.0/stm32ai_application_code/object_detection/Application/STM32H747I-DISCO/Src/CM7/stm32h7xx_it.c:61:6:MemManage_Handler	0	static
H:/stm32ai-modelzoo-2.1.0/stm32ai_application_code/object_detection/Application/STM32H747I-DISCO/Src/CM7/stm32h7xx_it.c:74:6:BusFault_Handler	0	static
H:/stm32ai-modelzoo-2.1.0/stm32ai_application_code/object_detection/Application/STM32H747I-DISCO/Src/CM7/stm32h7xx_it.c:87:6:UsageFault_Handler	0	static
H:/stm32ai-modelzoo-2.1.0/stm32ai_application_code/object_detection/Application/STM32H747I-DISCO/Src/CM7/stm32h7xx_it.c:100:6:SVC_Handler	0	static
H:/stm32ai-modelzoo-2.1.0/stm32ai_application_code/object_detection/Application/STM32H747I-DISCO/Src/CM7/stm32h7xx_it.c:109:6:DebugMon_Handler	0	static
H:/stm32ai-modelzoo-2.1.0/stm32ai_application_code/object_detection/Application/STM32H747I-DISCO/Src/CM7/stm32h7xx_it.c:118:6:PendSV_Handler	0	static
H:/stm32ai-modelzoo-2.1.0/stm32ai_application_code/object_detection/Application/STM32H747I-DISCO/Src/CM7/stm32h7xx_it.c:127:6:SysTick_Handler	0	static
H:/stm32ai-modelzoo-2.1.0/stm32ai_application_code/object_detection/Application/STM32H747I-DISCO/Src/CM7/stm32h7xx_it.c:144:6:DMA2_Stream3_IRQHandler	0	static
H:/stm32ai-modelzoo-2.1.0/stm32ai_application_code/object_detection/Application/STM32H747I-DISCO/Src/CM7/stm32h7xx_it.c:154:6:DCMI_IRQHandler	0	static
H:/stm32ai-modelzoo-2.1.0/stm32ai_application_code/object_detection/Application/STM32H747I-DISCO/Src/CM7/stm32h7xx_it.c:164:6:MDMA_IRQHandler	0	static
H:/stm32ai-modelzoo-2.1.0/stm32ai_application_code/object_detection/Application/STM32H747I-DISCO/Src/CM7/stm32h7xx_it.c:174:6:DSI_IRQHandler	0	static
H:/stm32ai-modelzoo-2.1.0/stm32ai_application_code/object_detection/Application/STM32H747I-DISCO/Src/CM7/stm32h7xx_it.c:184:6:DMA2D_IRQHandler	0	static
H:/stm32ai-modelzoo-2.1.0/stm32ai_application_code/object_detection/Application/STM32H747I-DISCO/Src/CM7/stm32h7xx_it.c:194:6:LTDC_IRQHandler	0	static
