H:/stm32ai-modelzoo-2.1.0/stm32ai_application_code/object_detection/Drivers/BSP/STM32H747I-DISCO/stm32h747i_discovery_lcd.c:1101:9:BSP_LCD_SetActiveLayer	0	static
H:/stm32ai-modelzoo-2.1.0/stm32ai_application_code/object_detection/Drivers/BSP/STM32H747I-DISCO/stm32h747i_discovery_lcd.c:1122:9:BSP_LCD_GetPixelFormat	0	static
H:/stm32ai-modelzoo-2.1.0/stm32ai_application_code/object_detection/Drivers/BSP/STM32H747I-DISCO/stm32h747i_discovery_lcd.c:1380:9:BSP_LCD_GetXSize	0	static
H:/stm32ai-modelzoo-2.1.0/stm32ai_application_code/object_detection/Drivers/BSP/STM32H747I-DISCO/stm32h747i_discovery_lcd.c:1402:9:BSP_LCD_GetYSize	0	static
H:/stm32ai-modelzoo-2.1.0/stm32ai_application_code/object_detection/Drivers/BSP/STM32H747I-DISCO/stm32h747i_discovery_lcd.c:1719:9:BSP_LCD_ReadPixel	4	static
H:/stm32ai-modelzoo-2.1.0/stm32ai_application_code/object_detection/Drivers/BSP/STM32H747I-DISCO/stm32h747i_discovery_lcd.c:1743:9:BSP_LCD_WritePixel	4	static
H:/stm32ai-modelzoo-2.1.0/stm32ai_application_code/object_detection/Drivers/BSP/STM32H747I-DISCO/stm32h747i_discovery_lcd.c:2018:16:DSI_IO_Read	24	static
H:/stm32ai-modelzoo-2.1.0/stm32ai_application_code/object_detection/Drivers/BSP/STM32H747I-DISCO/stm32h747i_discovery_lcd.c:1988:16:DSI_IO_Write	24	static
H:/stm32ai-modelzoo-2.1.0/stm32ai_application_code/object_detection/Drivers/BSP/STM32H747I-DISCO/stm32h747i_discovery_lcd.c:1532:9:BSP_LCD_DrawBitmap	56	static
H:/stm32ai-modelzoo-2.1.0/stm32ai_application_code/object_detection/Drivers/BSP/STM32H747I-DISCO/stm32h747i_discovery_lcd.c:1671:9:BSP_LCD_DrawVLine	56	static
H:/stm32ai-modelzoo-2.1.0/stm32ai_application_code/object_detection/Drivers/BSP/STM32H747I-DISCO/stm32h747i_discovery_lcd.c:1595:9:BSP_LCD_FillRGBRect	48	static
H:/stm32ai-modelzoo-2.1.0/stm32ai_application_code/object_detection/Drivers/BSP/STM32H747I-DISCO/stm32h747i_discovery_lcd.c:1698:9:BSP_LCD_FillRect	48	static
H:/stm32ai-modelzoo-2.1.0/stm32ai_application_code/object_detection/Drivers/BSP/STM32H747I-DISCO/stm32h747i_discovery_lcd.c:1645:9:BSP_LCD_DrawHLine	56	static
H:/stm32ai-modelzoo-2.1.0/stm32ai_application_code/object_detection/Drivers/BSP/STM32H747I-DISCO/stm32h747i_discovery_lcd.c:412:9:BSP_LCD_DeInit	8	static
H:/stm32ai-modelzoo-2.1.0/stm32ai_application_code/object_detection/Drivers/BSP/STM32H747I-DISCO/stm32h747i_discovery_lcd.c:667:6:BSP_LCD_Reset	40	static
H:/stm32ai-modelzoo-2.1.0/stm32ai_application_code/object_detection/Drivers/BSP/STM32H747I-DISCO/stm32h747i_discovery_lcd.c:755:26:MX_DSIHOST_DSI_Init	152	static
H:/stm32ai-modelzoo-2.1.0/stm32ai_application_code/object_detection/Drivers/BSP/STM32H747I-DISCO/stm32h747i_discovery_lcd.c:853:26:MX_LTDC_Init	12	static
H:/stm32ai-modelzoo-2.1.0/stm32ai_application_code/object_detection/Drivers/BSP/STM32H747I-DISCO/stm32h747i_discovery_lcd.c:898:26:MX_LTDC_ConfigLayer	64	static
H:/stm32ai-modelzoo-2.1.0/stm32ai_application_code/object_detection/Drivers/BSP/STM32H747I-DISCO/stm32h747i_discovery_lcd.c:926:26:MX_LTDC_ClockConfig	208	static
H:/stm32ai-modelzoo-2.1.0/stm32ai_application_code/object_detection/Drivers/BSP/STM32H747I-DISCO/stm32h747i_discovery_lcd.c:239:9:BSP_LCD_InitEx	120	static
H:/stm32ai-modelzoo-2.1.0/stm32ai_application_code/object_detection/Drivers/BSP/STM32H747I-DISCO/stm32h747i_discovery_lcd.c:225:9:BSP_LCD_Init	16	static
H:/stm32ai-modelzoo-2.1.0/stm32ai_application_code/object_detection/Drivers/BSP/STM32H747I-DISCO/stm32h747i_discovery_lcd.c:948:26:MX_LTDC_ClockConfig2	208	static
H:/stm32ai-modelzoo-2.1.0/stm32ai_application_code/object_detection/Drivers/BSP/STM32H747I-DISCO/stm32h747i_discovery_lcd.c:1078:9:BSP_LCD_ConfigLayer	8	static
H:/stm32ai-modelzoo-2.1.0/stm32ai_application_code/object_detection/Drivers/BSP/STM32H747I-DISCO/stm32h747i_discovery_lcd.c:1147:9:BSP_LCD_Reload	8	static
H:/stm32ai-modelzoo-2.1.0/stm32ai_application_code/object_detection/Drivers/BSP/STM32H747I-DISCO/stm32h747i_discovery_lcd.c:1181:9:BSP_LCD_SetLayerVisible	0	static
H:/stm32ai-modelzoo-2.1.0/stm32ai_application_code/object_detection/Drivers/BSP/STM32H747I-DISCO/stm32h747i_discovery_lcd.c:1217:9:BSP_LCD_SetTransparency	8	static
H:/stm32ai-modelzoo-2.1.0/stm32ai_application_code/object_detection/Drivers/BSP/STM32H747I-DISCO/stm32h747i_discovery_lcd.c:1247:9:BSP_LCD_SetLayerAddress	8	static
H:/stm32ai-modelzoo-2.1.0/stm32ai_application_code/object_detection/Drivers/BSP/STM32H747I-DISCO/stm32h747i_discovery_lcd.c:1280:9:BSP_LCD_SetLayerWindow	32	static
H:/stm32ai-modelzoo-2.1.0/stm32ai_application_code/object_detection/Drivers/BSP/STM32H747I-DISCO/stm32h747i_discovery_lcd.c:1317:9:BSP_LCD_SetColorKeying	8	static
H:/stm32ai-modelzoo-2.1.0/stm32ai_application_code/object_detection/Drivers/BSP/STM32H747I-DISCO/stm32h747i_discovery_lcd.c:1349:9:BSP_LCD_ResetColorKeying	8	static
H:/stm32ai-modelzoo-2.1.0/stm32ai_application_code/object_detection/Drivers/BSP/STM32H747I-DISCO/stm32h747i_discovery_lcd.c:1423:9:BSP_LCD_DisplayOn	8	static
H:/stm32ai-modelzoo-2.1.0/stm32ai_application_code/object_detection/Drivers/BSP/STM32H747I-DISCO/stm32h747i_discovery_lcd.c:1451:9:BSP_LCD_DisplayOff	8	static
H:/stm32ai-modelzoo-2.1.0/stm32ai_application_code/object_detection/Drivers/BSP/STM32H747I-DISCO/stm32h747i_discovery_lcd.c:1480:9:BSP_LCD_SetBrightness	8	static
H:/stm32ai-modelzoo-2.1.0/stm32ai_application_code/object_detection/Drivers/BSP/STM32H747I-DISCO/stm32h747i_discovery_lcd.c:1505:9:BSP_LCD_GetBrightness	8	static
