H:/stm32ai-modelzoo-2.1.0/stm32ai_application_code/object_detection/Drivers/BSP/STM32H747I-DISCO/stm32h747i_discovery_sdram.c:168:9:BSP_SDRAM_DeInit	8	static
H:/stm32ai-modelzoo-2.1.0/stm32ai_application_code/object_detection/Drivers/BSP/STM32H747I-DISCO/stm32h747i_discovery_sdram.c:199:26:MX_SDRAM_Init	48	static
H:/stm32ai-modelzoo-2.1.0/stm32ai_application_code/object_detection/Drivers/BSP/STM32H747I-DISCO/stm32h747i_discovery_sdram.c:106:9:BSP_SDRAM_Init	80	static
H:/stm32ai-modelzoo-2.1.0/stm32ai_application_code/object_detection/Drivers/BSP/STM32H747I-DISCO/stm32h747i_discovery_sdram.c:317:9:BSP_SDRAM_SendCmd	8	static
H:/stm32ai-modelzoo-2.1.0/stm32ai_application_code/object_detection/Drivers/BSP/STM32H747I-DISCO/stm32h747i_discovery_sdram.c:341:6:BSP_SDRAM_IRQHandler	0	static
