H:/stm32ai-modelzoo-2.1.0/stm32ai_application_code/object_detection/Application/Network/Src/network.c:14175:9:network_configure_weights	16	static
H:/stm32ai-modelzoo-2.1.0/stm32ai_application_code/object_detection/Application/Network/Src/network.c:13516:9:network_configure_activations	184	static
H:/stm32ai-modelzoo-2.1.0/stm32ai_application_code/object_detection/Application/Network/Src/network.c:14936:9:ai_network_get_report	152	static
H:/stm32ai-modelzoo-2.1.0/stm32ai_application_code/object_detection/Application/Network/Src/network.c:14983:10:ai_network_get_error	0	static
H:/stm32ai-modelzoo-2.1.0/stm32ai_application_code/object_detection/Application/Network/Src/network.c:14990:10:ai_network_create	16	static
H:/stm32ai-modelzoo-2.1.0/stm32ai_application_code/object_detection/Application/Network/Src/network.c:15001:10:ai_network_create_and_init	96	static
H:/stm32ai-modelzoo-2.1.0/stm32ai_application_code/object_detection/Application/Network/Src/network.c:15036:12:ai_network_inputs_get	0	static
H:/stm32ai-modelzoo-2.1.0/stm32ai_application_code/object_detection/Application/Network/Src/network.c:15047:12:ai_network_outputs_get	0	static
H:/stm32ai-modelzoo-2.1.0/stm32ai_application_code/object_detection/Application/Network/Src/network.c:15058:11:ai_network_destroy	0	static
H:/stm32ai-modelzoo-2.1.0/stm32ai_application_code/object_detection/Application/Network/Src/network.c:15065:9:ai_network_init	16	static
H:/stm32ai-modelzoo-2.1.0/stm32ai_application_code/object_detection/Application/Network/Src/network.c:15082:8:ai_network_run	0	static
H:/stm32ai-modelzoo-2.1.0/stm32ai_application_code/object_detection/Application/Network/Src/network.c:15090:8:ai_network_forward	0	static
