H:/stm32ai-modelzoo-2.1.0/stm32ai_application_code/object_detection/Middlewares/ST/STM32_ImageProcessing_Library/Src/imlib.c:25:6:point_init	0	static
H:/stm32ai-modelzoo-2.1.0/stm32ai_application_code/object_detection/Middlewares/ST/STM32_ImageProcessing_Library/Src/imlib.c:31:6:point_copy	0	static
H:/stm32ai-modelzoo-2.1.0/stm32ai_application_code/object_detection/Middlewares/ST/STM32_ImageProcessing_Library/Src/imlib.c:36:6:point_equal_fast	0	static
H:/stm32ai-modelzoo-2.1.0/stm32ai_application_code/object_detection/Middlewares/ST/STM32_ImageProcessing_Library/Src/imlib.c:41:5:point_quadrance	0	static
H:/stm32ai-modelzoo-2.1.0/stm32ai_application_code/object_detection/Middlewares/ST/STM32_ImageProcessing_Library/Src/imlib.c:48:6:point_rotate	32	static
H:/stm32ai-modelzoo-2.1.0/stm32ai_application_code/object_detection/Middlewares/ST/STM32_ImageProcessing_Library/Src/imlib.c:57:6:point_min_area_rectangle	112	static
H:/stm32ai-modelzoo-2.1.0/stm32ai_application_code/object_detection/Middlewares/ST/STM32_ImageProcessing_Library/Src/imlib.c:131:6:lb_clip_line	24	static
H:/stm32ai-modelzoo-2.1.0/stm32ai_application_code/object_detection/Middlewares/ST/STM32_ImageProcessing_Library/Src/imlib.c:183:6:rectangle_init	4	static
H:/stm32ai-modelzoo-2.1.0/stm32ai_application_code/object_detection/Middlewares/ST/STM32_ImageProcessing_Library/Src/imlib.c:191:6:rectangle_copy	0	static
H:/stm32ai-modelzoo-2.1.0/stm32ai_application_code/object_detection/Middlewares/ST/STM32_ImageProcessing_Library/Src/imlib.c:196:6:rectangle_equal_fast	8	static
H:/stm32ai-modelzoo-2.1.0/stm32ai_application_code/object_detection/Middlewares/ST/STM32_ImageProcessing_Library/Src/imlib.c:201:6:rectangle_overlap	8	static
H:/stm32ai-modelzoo-2.1.0/stm32ai_application_code/object_detection/Middlewares/ST/STM32_ImageProcessing_Library/Src/imlib.c:214:6:rectangle_intersected	12	static
H:/stm32ai-modelzoo-2.1.0/stm32ai_application_code/object_detection/Middlewares/ST/STM32_ImageProcessing_Library/Src/imlib.c:226:6:rectangle_united	12	static
H:/stm32ai-modelzoo-2.1.0/stm32ai_application_code/object_detection/Middlewares/ST/STM32_ImageProcessing_Library/Src/imlib.c:242:6:image_init	0	static
H:/stm32ai-modelzoo-2.1.0/stm32ai_application_code/object_detection/Middlewares/ST/STM32_ImageProcessing_Library/Src/imlib.c:250:6:image_copy	4	static
H:/stm32ai-modelzoo-2.1.0/stm32ai_application_code/object_detection/Middlewares/ST/STM32_ImageProcessing_Library/Src/imlib.c:255:8:image_size	0	static
H:/stm32ai-modelzoo-2.1.0/stm32ai_application_code/object_detection/Middlewares/ST/STM32_ImageProcessing_Library/Src/imlib.c:283:6:image_get_mask_pixel	8	static
H:/stm32ai-modelzoo-2.1.0/stm32ai_application_code/object_detection/Middlewares/ST/STM32_ImageProcessing_Library/Src/imlib.c:413:8:imlib_rgb565_to_l	8	static,ignoring_inline_asm
H:/stm32ai-modelzoo-2.1.0/stm32ai_application_code/object_detection/Middlewares/ST/STM32_ImageProcessing_Library/Src/imlib.c:426:8:imlib_rgb565_to_a	24	static,ignoring_inline_asm
H:/stm32ai-modelzoo-2.1.0/stm32ai_application_code/object_detection/Middlewares/ST/STM32_ImageProcessing_Library/Src/imlib.c:441:8:imlib_rgb565_to_b	24	static,ignoring_inline_asm
H:/stm32ai-modelzoo-2.1.0/stm32ai_application_code/object_detection/Middlewares/ST/STM32_ImageProcessing_Library/Src/imlib.c:457:8:imlib_rgb888_to_l	16	static,ignoring_inline_asm
H:/stm32ai-modelzoo-2.1.0/stm32ai_application_code/object_detection/Middlewares/ST/STM32_ImageProcessing_Library/Src/imlib.c:471:8:imlib_rgb888_to_a	24	static,ignoring_inline_asm
H:/stm32ai-modelzoo-2.1.0/stm32ai_application_code/object_detection/Middlewares/ST/STM32_ImageProcessing_Library/Src/imlib.c:487:8:imlib_rgb888_to_b	24	static,ignoring_inline_asm
H:/stm32ai-modelzoo-2.1.0/stm32ai_application_code/object_detection/Middlewares/ST/STM32_ImageProcessing_Library/Src/imlib.c:503:10:imlib_lab_to_rgb888	40	static,ignoring_inline_asm
H:/stm32ai-modelzoo-2.1.0/stm32ai_application_code/object_detection/Middlewares/ST/STM32_ImageProcessing_Library/Src/imlib.c:531:10:imlib_lab_to_rgb	24	static,ignoring_inline_asm
H:/stm32ai-modelzoo-2.1.0/stm32ai_application_code/object_detection/Middlewares/ST/STM32_ImageProcessing_Library/Src/imlib.c:557:10:imlib_yuv_to_rgb	4	static
H:/stm32ai-modelzoo-2.1.0/stm32ai_application_code/object_detection/Middlewares/ST/STM32_ImageProcessing_Library/Src/imlib.c:568:10:imlib_yuv_to_rgb888	16	static
H:/stm32ai-modelzoo-2.1.0/stm32ai_application_code/object_detection/Middlewares/ST/STM32_ImageProcessing_Library/Src/imlib.c:1135:6:imlib_image_operation	48	static
H:/stm32ai-modelzoo-2.1.0/stm32ai_application_code/object_detection/Middlewares/ST/STM32_ImageProcessing_Library/Src/imlib.c:1355:6:imlib_zero	72	static
H:/stm32ai-modelzoo-2.1.0/stm32ai_application_code/object_detection/Middlewares/ST/STM32_ImageProcessing_Library/Src/imlib.c:1416:6:imlib_lens_corr	112	static,ignoring_inline_asm
H:/stm32ai-modelzoo-2.1.0/stm32ai_application_code/object_detection/Middlewares/ST/STM32_ImageProcessing_Library/Src/imlib.c:1666:5:imlib_image_mean	32	static
H:/stm32ai-modelzoo-2.1.0/stm32ai_application_code/object_detection/Middlewares/ST/STM32_ImageProcessing_Library/Src/imlib.c:1722:5:imlib_image_std	16	static,ignoring_inline_asm
H:/stm32ai-modelzoo-2.1.0/stm32ai_application_code/object_detection/Middlewares/ST/STM32_ImageProcessing_Library/Src/imlib.c:1751:6:imlib_sepconv3	48	static,ignoring_inline_asm
