H:/stm32ai-modelzoo-2.1.0/stm32ai_application_code/object_detection/Middlewares/ST/STM32_ImageProcessing_Library/Src/stm32ipl.c:32:6:STM32Ipl_InitLib	8	static
H:/stm32ai-modelzoo-2.1.0/stm32ai_application_code/object_detection/Middlewares/ST/STM32_ImageProcessing_Library/Src/stm32ipl.c:42:6:STM32Ipl_DeInitLib	0	static
H:/stm32ai-modelzoo-2.1.0/stm32ai_application_code/object_detection/Middlewares/ST/STM32_ImageProcessing_Library/Src/stm32ipl.c:56:6:STM32Ipl_Init	0	static
H:/stm32ai-modelzoo-2.1.0/stm32ai_application_code/object_detection/Middlewares/ST/STM32_ImageProcessing_Library/Src/stm32ipl.c:77:16:STM32Ipl_AllocData	24	static
H:/stm32ai-modelzoo-2.1.0/stm32ai_application_code/object_detection/Middlewares/ST/STM32_ImageProcessing_Library/Src/stm32ipl.c:106:16:STM32Ipl_AllocDataRef	16	static
H:/stm32ai-modelzoo-2.1.0/stm32ai_application_code/object_detection/Middlewares/ST/STM32_ImageProcessing_Library/Src/stm32ipl.c:134:6:STM32Ipl_ReleaseData	8	static
H:/stm32ai-modelzoo-2.1.0/stm32ai_application_code/object_detection/Middlewares/ST/STM32_ImageProcessing_Library/Src/stm32ipl.c:150:10:STM32Ipl_DataSize	0	static
H:/stm32ai-modelzoo-2.1.0/stm32ai_application_code/object_detection/Middlewares/ST/STM32_ImageProcessing_Library/Src/stm32ipl.c:178:10:STM32Ipl_ImageDataSize	0	static
H:/stm32ai-modelzoo-2.1.0/stm32ai_application_code/object_detection/Middlewares/ST/STM32_ImageProcessing_Library/Src/stm32ipl.c:189:6:STM32Ipl_ImageFormatSupported	0	static
H:/stm32ai-modelzoo-2.1.0/stm32ai_application_code/object_detection/Middlewares/ST/STM32_ImageProcessing_Library/Src/stm32ipl.c:226:16:STM32Ipl_Copy	4	static
H:/stm32ai-modelzoo-2.1.0/stm32ai_application_code/object_detection/Middlewares/ST/STM32_ImageProcessing_Library/Src/stm32ipl.c:245:16:STM32Ipl_CopyData	16	static
H:/stm32ai-modelzoo-2.1.0/stm32ai_application_code/object_detection/Middlewares/ST/STM32_ImageProcessing_Library/Src/stm32ipl.c:267:16:STM32Ipl_Clone	32	static
H:/stm32ai-modelzoo-2.1.0/stm32ai_application_code/object_detection/Middlewares/ST/STM32_ImageProcessing_Library/Src/stm32ipl.c:306:10:STM32Ipl_AdaptColor	0	static
