H:/stm32ai-modelzoo-2.1.0/stm32ai_application_code/object_detection/Middlewares/ST/STM32_ImageProcessing_Library/Src/umm_malloc.c:566:14:umm_malloc_core	16	static
H:/stm32ai-modelzoo-2.1.0/stm32ai_application_code/object_detection/Middlewares/ST/STM32_ImageProcessing_Library/Src/umm_malloc.c:486:13:umm_free_core	20	static
H:/stm32ai-modelzoo-2.1.0/stm32ai_application_code/object_detection/Middlewares/ST/STM32_ImageProcessing_Library/Src/umm_malloc.c:137:7:umm_info	56	static
H:/stm32ai-modelzoo-2.1.0/stm32ai_application_code/object_detection/Middlewares/ST/STM32_ImageProcessing_Library/Src/umm_malloc.c:265:8:umm_free_heap_size	8	static
H:/stm32ai-modelzoo-2.1.0/stm32ai_application_code/object_detection/Middlewares/ST/STM32_ImageProcessing_Library/Src/umm_malloc.c:270:8:umm_max_free_block_size	8	static
H:/stm32ai-modelzoo-2.1.0/stm32ai_application_code/object_detection/Middlewares/ST/STM32_ImageProcessing_Library/Src/umm_malloc.c:275:5:umm_usage_metric	0	static
H:/stm32ai-modelzoo-2.1.0/stm32ai_application_code/object_detection/Middlewares/ST/STM32_ImageProcessing_Library/Src/umm_malloc.c:281:5:umm_fragmentation_metric	16	static
H:/stm32ai-modelzoo-2.1.0/stm32ai_application_code/object_detection/Middlewares/ST/STM32_ImageProcessing_Library/Src/umm_malloc.c:424:6:umm_uninit	0	static
H:/stm32ai-modelzoo-2.1.0/stm32ai_application_code/object_detection/Middlewares/ST/STM32_ImageProcessing_Library/Src/umm_malloc.c:431:6:umm_init	16	static
H:/stm32ai-modelzoo-2.1.0/stm32ai_application_code/object_detection/Middlewares/ST/STM32_ImageProcessing_Library/Src/umm_malloc.c:538:6:umm_free	20	static
H:/stm32ai-modelzoo-2.1.0/stm32ai_application_code/object_detection/Middlewares/ST/STM32_ImageProcessing_Library/Src/umm_malloc.c:676:7:umm_malloc	0	static
H:/stm32ai-modelzoo-2.1.0/stm32ai_application_code/object_detection/Middlewares/ST/STM32_ImageProcessing_Library/Src/umm_malloc.c:710:7:umm_realloc	80	static
H:/stm32ai-modelzoo-2.1.0/stm32ai_application_code/object_detection/Middlewares/ST/STM32_ImageProcessing_Library/Src/umm_malloc.c:905:7:umm_calloc	16	static
